// Jest Snapshot v1, https://goo.gl/fbAQLP

exports[`Missions Component snapshot test 1`] = `
<section
  className="my-profile"
>
  <div
    className="container"
  >
    <table>
      <thead>
        My Missions
      </thead>
      <tbody />
    </table>
    <table>
      <thead>
        My Rockets
      </thead>
      <tbody />
    </table>
  </div>
</section>
`;
